<html>
<body>
<pre>
<h1>礦ision Build Log</h1>
<h2>Project:</h2>
F:\STM32_Routines\JontaFC\FC_AHRS\USER\test.uvproj
Project File Date:  03/27/2014

<h2>Output:</h2>
Build target 'Target 1'
compiling PID.c...
linking...
Program Size: Code=28010 RO-data=1422 RW-data=244 ZI-data=2508  
"..\OBJ\test.axf" - 0 Error(s), 0 Warning(s).
Load "..\\OBJ\\test.axf" 
Set JLink Project File to "F:\STM32_Routines\JontaFC\FC_AHRS\USER\JLinkSettings.ini"
 
JLink info:
------------
DLL: V4.35b, compiled Sep  2 2011 18:34:46
Firmware: J-Link ARM V8 compiled Sep  2 2011 17:54:36
Hardware: V8.00
S/N : 805306163 
Feature(s) : RDI,FlashDL,FlashBP,JFlash,GDBFull 
 
* JLink Info: TotalIRLen = 9, IRPrint = 0x0011
* JLink Info: Found Cortex-M4 r0p1, Little endian.
* JLink Info: TPIU fitted.
* JLink Info: ETM fitted.
* JLink Info:   FPUnit: 6 code (BP) slots and 2 literal slots
ROMTableAddr = 0xE00FF003
* JLink Info: TotalIRLen = 9, IRPrint = 0x0011
* JLink Info: Found Cortex-M4 r0p1, Little endian.
* JLink Info: TPIU fitted.
* JLink Info: ETM fitted.
* JLink Info:   FPUnit: 6 code (BP) slots and 2 literal slots
 
Target info:
------------
Device: STM32F405RG
VTarget = 3.274V
State of Pins: 
TCK: 1, TDI: 0, TDO: 1, TMS: 0, TRES: 1, TRST: 1
Hardware-Breakpoints: 6
Software-Breakpoints: 8192
Watchpoints:          4
JTAG speed: 2000 kHz
 
Erase Done.
Programming Done.
Verify OK.
</pre>
</body>
</html>
o double-precision
          init_my =((float)mag[2] * 1.046632) - 1.569948;
test.c(158): warning:  #1035-D: single-precision operand implicitly converted to double-precision
          init_ax=((float)accel[0]) *0.244*0.0098 ;// /Accel_4_Scale_Factor;       //单位转化成重力加速度的单位：g
test.c(159): warning:  #1035-D: single-precision operand implicitly converted to double-precision
          init_ay=((float)accel[1])*0.244*0.0098; // / Accel_4_Scale_Factor;
test.c(160): warning:  #1035-D: single-precision operand implicitly converted to double-precision
     init_az=((float)accel[2])*0.244*0.0098;//  / Accel_4_Scale_Factor;
test.c(167): warning:  #1035-D: single-precision operand implicitly converted to double-precision
          init_my =((float)mag[2]) * 1.046632 - 1.569948;
test.c(178): warning:  #1035-D: single-precision operand implicitly converted to double-precision
  q0 = cos(0.5*init_Roll)*cos(0.5*init_Pitch)*cos(0.5*init_Yaw) - sin(0.5*init_Roll)*sin(0.5*init_Pitch)*sin(0.5*init_Yaw);  //w
test.c(178): warning:  #1035-D: single-precision operand implicitly converted to double-precision
  q0 = cos(0.5*init_Roll)*cos(0.5*init_Pitch)*cos(0.5*init_Yaw) - sin(0.5*init_Roll)*sin(0.5*init_Pitch)*sin(0.5*init_Yaw);  //w
test.c(178): warning:  #1035-D: single-precision operand implicitly converted to double-precision
  q0 = cos(0.5*init_Roll)*cos(0.5*init_Pitch)*cos(0.5*init_Yaw) - sin(0.5*init_Roll)*sin(0.5*init_Pitch)*sin(0.5*init_Yaw);  //w
test.c(178): warning:  #1035-D: single-precision operand implicitly converted to double-precision
  q0 = cos(0.5*init_Roll)*cos(0.5*init_Pitch)*cos(0.5*init_Yaw) - sin(0.5*init_Roll)*sin(0.5*init_Pitch)*sin(0.5*init_Yaw);  //w
test.c(178): warning:  #1035-D: single-precision operand implicitly converted to double-precision
  q0 = cos(0.5*init_Roll)*cos(0.5*init_Pitch)*cos(0.5*init_Yaw) - sin(0.5*init_Roll)*sin(0.5*init_Pitch)*sin(0.5*init_Yaw);  //w
test.c(178): warning:  #1035-D: single-precision operand implicitly converted to double-precision
  q0 = cos(0.5*init_Roll)*cos(0.5*init_Pitch)*cos(0.5*init_Yaw) - sin(0.5*init_Roll)*sin(0.5*init_Pitch)*sin(0.5*init_Yaw);  //w
test.c(179): warning:  #1035-D: single-precision operand implicitly converted to double-precision
  q1 = cos(0.5*init_Roll)*sin(0.5*init_Pitch)*cos(0.5*init_Yaw) - sin(0.5*init_Roll)*cos(0.5*init_Pitch)*sin(0.5*init_Yaw);  //x   绕x轴旋转是pitch
test.c(179): warning:  #1035-D: single-precision operand implicitly converted to double-precision
  q1 = cos(0.5*init_Roll)*sin(0.5*init_Pitch)*cos(0.5*init_Yaw) - sin(0.5*init_Roll)*cos(0.5*init_Pitch)*sin(0.5*init_Yaw);  //x   绕x轴旋转是pitch
test.c(179): warning:  #1035-D: single-precision operand implicitly converted to double-precision
  q1 = cos(0.5*init_Roll)*sin(0.5*init_Pitch)*cos(0.5*init_Yaw) - sin(0.5*init_Roll)*cos(0.5*init_Pitch)*sin(0.5*init_Yaw);  //x   绕x轴旋转是pitch
test.c(179): warning:  #1035-D: single-precision operand implicitly converted to double-precision
  q1 = cos(0.5*init_Roll)*sin(0.5*init_Pitch)*cos(0.5*init_Yaw) - sin(0.5*init_Roll)*cos(0.5*init_Pitch)*sin(0.5*init_Yaw);  //x   绕x轴旋转是pitch
test.c(179): warning:  #1035-D: single-precision operand implicitly converted to double-precision
  q1 = cos(0.5*init_Roll)*sin(0.5*init_Pitch)*cos(0.5*init_Yaw) - sin(0.5*init_Roll)*cos(0.5*init_Pitch)*sin(0.5*init_Yaw);  //x   绕x轴旋转是pitch
test.c(179): warning:  #1035-D: single-precision operand implicitly converted to double-precision
  q1 = cos(0.5*init_Roll)*sin(0.5*init_Pitch)*cos(0.5*init_Yaw) - sin(0.5*init_Roll)*cos(0.5*init_Pitch)*sin(0.5*init_Yaw);  //x   绕x轴旋转是pitch
test.c(180): warning:  #1035-D: single-precision operand implicitly converted to double-precision
  q2 = sin(0.5*init_Roll)*cos(0.5*init_Pitch)*cos(0.5*init_Yaw) + cos(0.5*init_Roll)*sin(0.5*init_Pitch)*sin(0.5*init_Yaw);  //y   绕y轴旋转是roll
test.c(180): warning:  #1035-D: single-precision operand implicitly converted to double-precision
  q2 = sin(0.5*init_Roll)*cos(0.5*init_Pitch)*cos(0.5*init_Yaw) + cos(0.5*init_Roll)*sin(0.5*init_Pitch)*sin(0.5*init_Yaw);  //y   绕y轴旋转是roll
test.c(180): warning:  #1035-D: single-precision operand implicitly converted to double-precision
  q2 = sin(0.5*init_Roll)*cos(0.5*init_Pitch)*cos(0.5*init_Yaw) + cos(0.5*init_Roll)*sin(0.5*init_Pitch)*sin(0.5*init_Yaw);  //y   绕y轴旋转是roll
test.c(180): warning:  #1035-D: single-precision operand implicitly converted to double-precision
  q2 = sin(0.5*init_Roll)*cos(0.5*init_Pitch)*cos(0.5*init_Yaw) + cos(0.5*init_Roll)*sin(0.5*init_Pitch)*sin(0.5*init_Yaw);  //y   绕y轴旋转是roll
test.c(180): warning:  #1035-D: single-precision operand implicitly converted to double-precision
  q2 = sin(0.5*init_Roll)*cos(0.5*init_Pitch)*cos(0.5*init_Yaw) + cos(0.5*init_Roll)*sin(0.5*init_Pitch)*sin(0.5*init_Yaw);  //y   绕y轴旋转是roll
test.c(180): warning:  #1035-D: single-precision operand implicitly converted to double-precision
  q2 = sin(0.5*init_Roll)*cos(0.5*init_Pitch)*cos(0.5*init_Yaw) + cos(0.5*init_Roll)*sin(0.5*init_Pitch)*sin(0.5*init_Yaw);  //y   绕y轴旋转是roll
test.c(181): warning:  #1035-D: single-precision operand implicitly converted to double-precision
  q3 = cos(0.5*init_Roll)*cos(0.5*init_Pitch)*sin(0.5*init_Yaw) + sin(0.5*init_Roll)*sin(0.5*init_Pitch)*cos(0.5*init_Yaw);  //z   绕z轴旋转是Yaw
test.c(181): warning:  #1035-D: single-precision operand implicitly converted to double-precision
  q3 = cos(0.5*init_Roll)*cos(0.5*init_Pitch)*sin(0.5*init_Yaw) + sin(0.5*init_Roll)*sin(0.5*init_Pitch)*cos(0.5*init_Yaw);  //z   绕z轴旋转是Yaw
test.c(181): warning:  #1035-D: single-precision operand implicitly converted to double-precision
  q3 = cos(0.5*init_Roll)*cos(0.5*init_Pitch)*sin(0.5*init_Yaw) + sin(0.5*init_Roll)*sin(0.5*init_Pitch)*cos(0.5*init_Yaw);  //z   绕z轴旋转是Yaw
test.c(181): warning:  #1035-D: single-precision operand implicitly converted to double-precision
  q3 = cos(0.5*init_Roll)*cos(0.5*init_Pitch)*sin(0.5*init_Yaw) + sin(0.5*init_Roll)*sin(0.5*init_Pitch)*cos(0.5*init_Yaw);  //z   绕z轴旋转是Yaw
test.c(181): warning:  #1035-D: single-precision operand implicitly converted to double-precision
  q3 = cos(0.5*init_Roll)*cos(0.5*init_Pitch)*sin(0.5*init_Yaw) + sin(0.5*init_Roll)*sin(0.5*init_Pitch)*cos(0.5*init_Yaw);  //z   绕z轴旋转是Yaw
test.c(181): warning:  #1035-D: single-precision operand implicitly converted to double-precision
  q3 = cos(0.5*init_Roll)*cos(0.5*init_Pitch)*sin(0.5*init_Yaw) + sin(0.5*init_Roll)*sin(0.5*init_Pitch)*cos(0.5*init_Yaw);  //z   绕z轴旋转是Yaw
test.c(193): warning:  #1035-D: single-precision operand implicitly converted to double-precision
  init_Roll  = init_Roll * 57.295780;    //弧度转角度
test.c(194): warning:  #1035-D: single-precision operand implicitly converted to double-precision
  init_Pitch = init_Pitch * 57.295780;
test.c(195): warning:  #1035-D: single-precision operand implicitly converted to double-precision
  init_Yaw   = init_Yaw * 57.295780;
test.c(147): warning:  #177-D: variable "timestamp" was declared but never referenced
    unsigned long timestamp;
test.c: 39 warnings, 0 errors
compiling PID.c...
linking...
Program Size: Code=28058 RO-data=1422 RW-data=244 ZI-data=2508  
"..\OBJ\test.axf" - 0 Error(s), 39 Warning(s).
Load "..\\OBJ\\test.axf" 
Set JLink Project File to "F:\STM32_Routines\JontaFC\FC_AHRS\USER\JLinkSettings.ini"
 
JLink info:
------------
DLL: V4.35b, compiled Sep  2 2011 18:34:46
Firmware: J-Link ARM V8 compiled Sep  2 2011 17:54:36
Hardware: V8.00
S/N : 805306163 
Feature(s) : RDI,FlashDL,FlashBP,JFlash,GDBFull 
 
* JLink Info: TotalIRLen = 9, IRPrint = 0x0011
* JLink Info: Found Cortex-M4 r0p1, Little endian.
* JLink Info: TPIU fitted.
* JLink Info: ETM fitted.
* JLink Info:   FPUnit: 6 code (BP) slots and 2 literal slots
ROMTableAddr = 0xE00FF003
* JLink Info: TotalIRLen = 9, IRPrint = 0x0011
* JLink Info: Found Cortex-M4 r0p1, Little endian.
* JLink Info: TPIU fitted.
* JLink Info: ETM fitted.
* JLink Info:   FPUnit: 6 code (BP) slots and 2 literal slots
 
Target info:
------------
Device: STM32F405RG
VTarget = 3.287V
State of Pins: 
TCK: 1, TDI: 0, TDO: 1, TMS: 0, TRES: 1, TRST: 1
Hardware-Breakpoints: 6
Software-Breakpoints: 8192
Watchpoints:          4
JTAG speed: 2000 kHz
 
Erase Done.
Programming Done.
Verify OK.
